

Version:	3.50
CmdLine:	C:\Users\rmnlm\Documents\GitHub\Rubiks-Cube-Solver\RubiksCubeSolver.exe --l4j-debug
JNI:		No
WOW64:		Yes
Working dir:	C:\Users\rmnlm\Documents\GitHub\Rubiks-Cube-Solver\.
Requires JDK:	No
Requires 64-Bit: Yes
Java min ver:	
Java max ver:	
Substitute:	JAVA_HOME = C:\Program Files\Zulu\zulu-26\
Substitute:	PATH = C:\Program Files\Zulu\zulu-26\bin\;C:\Program Files\Eclipse Adoptium\jdk-25.0.3.9-hotspot\bin;C:\Program Files (x86)\Razer Chroma SDK\bin;C:\Program Files\Razer Chroma SDK\bin;C:\Program Files (x86)\VMware\VMware Player\bin\;C:\Program Files\Eclipse Adoptium\jdk-11.0.15.10-hotspot\bin;C:\Windows\system32;C:\Windows;C:\Windows\System32\Wbem;C:\Windows\System32\WindowsPowerShell\v1.0\;C:\Windows\System32\OpenSSH\;C:\Program Files (x86)\Windows Live\Shared;C:\Program Files\dotnet\;C:\Program Files\Microsoft SQL Server\150\Tools\Binn\;C:\Program Files\Microsoft SQL Server\Client SDK\ODBC\170\Tools\Binn\;C:\Program Files\nodejs\;C:\Program Files\Git\cmd;C:\Windows\system32\config\systemprofile\AppData\Local\Microsoft\WindowsApps;C:\Program Files (x86)\Razer\ChromaBroadcast\bin;C:\Program Files\Razer\ChromaBroadcast\bin;C:\Users\rmnlm\AppData\Local\Programs\Python\Python312\Scripts\;C:\Users\rmnlm\AppData\Local\Programs\Python\Python312\;C:\Users\rmnlm\AppData\Local\Programs\Python\Launcher\;C:\Users\rmnlm\AppData\Local\Microsoft\WindowsApps;C:\Users\rmnlm\AppData\Local\GitHubDesktop\bin;C:\Users\rmnlm\AppData\Local\Programs\Microsoft VS Code\bin;C:\Users\rmnlm\.dotnet\tools;C:\Users\rmnlm\AppData\Roaming\npm;C:\Program Files\Fiddler;;C:\Program Files\NVIDIA Corporation\NVIDIA App\NvDLISR;C:\Program Files (x86)\NVIDIA Corporation\PhysX\Common;C:\WINDOWS\system32;C:\WINDOWS;C:\WINDOWS\System32\Wbem;C:\WINDOWS\System32\WindowsPowerShell\v1.0\;C:\WINDOWS\System32\OpenSSH\;C:\Users\rmnlm\AppData\Local\Microsoft\WindowsApps;C:\Program Files\Zulu\zulu-26\\bin
JRE paths:	C:\Program Files\Zulu\zulu-26\;C:\Program Files\Zulu\zulu-26\bin\;C:\Program Files\Eclipse Adoptium\jdk-25.0.3.9-hotspot\bin;C:\Program Files (x86)\Razer Chroma SDK\bin;C:\Program Files\Razer Chroma SDK\bin;C:\Program Files (x86)\VMware\VMware Player\bin\;C:\Program Files\Eclipse Adoptium\jdk-11.0.15.10-hotspot\bin;C:\Windows\system32;C:\Windows;C:\Windows\System32\Wbem;C:\Windows\System32\WindowsPowerShell\v1.0\;C:\Windows\System32\OpenSSH\;C:\Program Files (x86)\Windows Live\Shared;C:\Program Files\dotnet\;C:\Program Files\Microsoft SQL Server\150\Tools\Binn\;C:\Program Files\Microsoft SQL Server\Client SDK\ODBC\170\Tools\Binn\;C:\Program Files\nodejs\;C:\Program Files\Git\cmd;C:\Windows\system32\config\systemprofile\AppData\Local\Microsoft\WindowsApps;C:\Program Files (x86)\Razer\ChromaBroadcast\bin;C:\Program Files\Razer\ChromaBroadcast\bin;C:\Users\rmnlm\AppData\Local\Programs\Python\Python312\Scripts\;C:\Users\rmnlm\AppData\Local\Programs\Python\Python312\;C:\Users\rmnlm\AppData\Local\Programs\Python\Launcher\;C:\Users\rmnlm\AppData\Local\Microsoft\WindowsApps;C:\Users\rmnlm\AppData\Local\GitHubDesktop\bin;C:\Users\rmnlm\AppData\Local\Programs\Microsoft VS Code\bin;C:\Users\rmnlm\.dotnet\tools;C:\Users\rmnlm\AppData\Roaming\npm;C:\Program Files\Fiddler;;C:\Program Files\NVIDIA Corporation\NVIDIA App\NvDLISR;C:\Program Files (x86)\NVIDIA Corporation\PhysX\Common;C:\WINDOWS\system32;C:\WINDOWS;C:\WINDOWS\System32\Wbem;C:\WINDOWS\System32\WindowsPowerShell\v1.0\;C:\WINDOWS\System32\OpenSSH\;C:\Users\rmnlm\AppData\Local\Microsoft\WindowsApps;C:\Program Files\Zulu\zulu-26\\bin
Check launcher:	C:\Program Files\Zulu\zulu-26\bin\javaw.exe (OK)
Version string: 1.026.000_001 / 64-Bit (OK)
Launcher:	C:\Program Files\Zulu\zulu-26\bin\javaw.exe
Launcher args:	-jar "C:\Users\rmnlm\Documents\GitHub\Rubiks-Cube-Solver\RubiksCubeSolver.exe"
Args length:	78/32768 chars
Exit code:	0


Version:	3.50
CmdLine:	C:\Users\rmnlm\Documents\GitHub\Rubiks-Cube-Solver\RubiksCubeSolver.exe --l4j-debug
JNI:		No
WOW64:		Yes
Working dir:	C:\Users\rmnlm\Documents\GitHub\Rubiks-Cube-Solver\.
Requires JDK:	No
Requires 64-Bit: Yes
Java min ver:	
Java max ver:	
Substitute:	JAVA_HOME = C:\Program Files\Zulu\zulu-26\
Substitute:	PATH = C:\Program Files\Zulu\zulu-26\bin\;C:\Program Files\Eclipse Adoptium\jdk-25.0.3.9-hotspot\bin;C:\Program Files (x86)\Razer Chroma SDK\bin;C:\Program Files\Razer Chroma SDK\bin;C:\Program Files (x86)\VMware\VMware Player\bin\;C:\Program Files\Eclipse Adoptium\jdk-11.0.15.10-hotspot\bin;C:\Windows\system32;C:\Windows;C:\Windows\System32\Wbem;C:\Windows\System32\WindowsPowerShell\v1.0\;C:\Windows\System32\OpenSSH\;C:\Program Files (x86)\Windows Live\Shared;C:\Program Files\dotnet\;C:\Program Files\Microsoft SQL Server\150\Tools\Binn\;C:\Program Files\Microsoft SQL Server\Client SDK\ODBC\170\Tools\Binn\;C:\Program Files\nodejs\;C:\Program Files\Git\cmd;C:\Windows\system32\config\systemprofile\AppData\Local\Microsoft\WindowsApps;C:\Program Files (x86)\Razer\ChromaBroadcast\bin;C:\Program Files\Razer\ChromaBroadcast\bin;C:\Users\rmnlm\AppData\Local\Programs\Python\Python312\Scripts\;C:\Users\rmnlm\AppData\Local\Programs\Python\Python312\;C:\Users\rmnlm\AppData\Local\Programs\Python\Launcher\;C:\Users\rmnlm\AppData\Local\Microsoft\WindowsApps;C:\Users\rmnlm\AppData\Local\GitHubDesktop\bin;C:\Users\rmnlm\AppData\Local\Programs\Microsoft VS Code\bin;C:\Users\rmnlm\.dotnet\tools;C:\Users\rmnlm\AppData\Roaming\npm;C:\Program Files\Fiddler;;C:\Program Files\NVIDIA Corporation\NVIDIA App\NvDLISR;C:\Program Files (x86)\NVIDIA Corporation\PhysX\Common;C:\WINDOWS\system32;C:\WINDOWS;C:\WINDOWS\System32\Wbem;C:\WINDOWS\System32\WindowsPowerShell\v1.0\;C:\WINDOWS\System32\OpenSSH\;C:\Users\rmnlm\AppData\Local\Microsoft\WindowsApps;C:\Program Files\Zulu\zulu-26\\bin
JRE paths:	C:\Program Files\Zulu\zulu-26\;C:\Program Files\Zulu\zulu-26\bin\;C:\Program Files\Eclipse Adoptium\jdk-25.0.3.9-hotspot\bin;C:\Program Files (x86)\Razer Chroma SDK\bin;C:\Program Files\Razer Chroma SDK\bin;C:\Program Files (x86)\VMware\VMware Player\bin\;C:\Program Files\Eclipse Adoptium\jdk-11.0.15.10-hotspot\bin;C:\Windows\system32;C:\Windows;C:\Windows\System32\Wbem;C:\Windows\System32\WindowsPowerShell\v1.0\;C:\Windows\System32\OpenSSH\;C:\Program Files (x86)\Windows Live\Shared;C:\Program Files\dotnet\;C:\Program Files\Microsoft SQL Server\150\Tools\Binn\;C:\Program Files\Microsoft SQL Server\Client SDK\ODBC\170\Tools\Binn\;C:\Program Files\nodejs\;C:\Program Files\Git\cmd;C:\Windows\system32\config\systemprofile\AppData\Local\Microsoft\WindowsApps;C:\Program Files (x86)\Razer\ChromaBroadcast\bin;C:\Program Files\Razer\ChromaBroadcast\bin;C:\Users\rmnlm\AppData\Local\Programs\Python\Python312\Scripts\;C:\Users\rmnlm\AppData\Local\Programs\Python\Python312\;C:\Users\rmnlm\AppData\Local\Programs\Python\Launcher\;C:\Users\rmnlm\AppData\Local\Microsoft\WindowsApps;C:\Users\rmnlm\AppData\Local\GitHubDesktop\bin;C:\Users\rmnlm\AppData\Local\Programs\Microsoft VS Code\bin;C:\Users\rmnlm\.dotnet\tools;C:\Users\rmnlm\AppData\Roaming\npm;C:\Program Files\Fiddler;;C:\Program Files\NVIDIA Corporation\NVIDIA App\NvDLISR;C:\Program Files (x86)\NVIDIA Corporation\PhysX\Common;C:\WINDOWS\system32;C:\WINDOWS;C:\WINDOWS\System32\Wbem;C:\WINDOWS\System32\WindowsPowerShell\v1.0\;C:\WINDOWS\System32\OpenSSH\;C:\Users\rmnlm\AppData\Local\Microsoft\WindowsApps;C:\Program Files\Zulu\zulu-26\\bin
Check launcher:	C:\Program Files\Zulu\zulu-26\bin\javaw.exe (OK)
Version string: 1.026.000_001 / 64-Bit (OK)
Launcher:	C:\Program Files\Zulu\zulu-26\bin\javaw.exe
Launcher args:	-jar "C:\Users\rmnlm\Documents\GitHub\Rubiks-Cube-Solver\RubiksCubeSolver.exe"
Args length:	78/32768 chars
Exit code:	0


Version:	3.50
CmdLine:	C:\Users\rmnlm\Documents\GitHub\Rubiks-Cube-Solver\RubiksCubeSolver.exe --l4j-debug
JNI:		No
WOW64:		Yes
Working dir:	C:\Users\rmnlm\Documents\GitHub\Rubiks-Cube-Solver\.
Requires JDK:	No
Requires 64-Bit: Yes
Java min ver:	
Java max ver:	
Substitute:	JAVA_HOME = C:\Program Files\Zulu\zulu-26\
Substitute:	PATH = C:\Program Files\Zulu\zulu-26\bin\;C:\Program Files\Eclipse Adoptium\jdk-25.0.3.9-hotspot\bin;C:\Program Files (x86)\Razer Chroma SDK\bin;C:\Program Files\Razer Chroma SDK\bin;C:\Program Files (x86)\VMware\VMware Player\bin\;C:\Program Files\Eclipse Adoptium\jdk-11.0.15.10-hotspot\bin;C:\Windows\system32;C:\Windows;C:\Windows\System32\Wbem;C:\Windows\System32\WindowsPowerShell\v1.0\;C:\Windows\System32\OpenSSH\;C:\Program Files (x86)\Windows Live\Shared;C:\Program Files\dotnet\;C:\Program Files\Microsoft SQL Server\150\Tools\Binn\;C:\Program Files\Microsoft SQL Server\Client SDK\ODBC\170\Tools\Binn\;C:\Program Files\nodejs\;C:\Program Files\Git\cmd;C:\Windows\system32\config\systemprofile\AppData\Local\Microsoft\WindowsApps;C:\Program Files (x86)\Razer\ChromaBroadcast\bin;C:\Program Files\Razer\ChromaBroadcast\bin;C:\Users\rmnlm\AppData\Local\Programs\Python\Python312\Scripts\;C:\Users\rmnlm\AppData\Local\Programs\Python\Python312\;C:\Users\rmnlm\AppData\Local\Programs\Python\Launcher\;C:\Users\rmnlm\AppData\Local\Microsoft\WindowsApps;C:\Users\rmnlm\AppData\Local\GitHubDesktop\bin;C:\Users\rmnlm\AppData\Local\Programs\Microsoft VS Code\bin;C:\Users\rmnlm\.dotnet\tools;C:\Users\rmnlm\AppData\Roaming\npm;C:\Program Files\Fiddler;;C:\Program Files\NVIDIA Corporation\NVIDIA App\NvDLISR;C:\Program Files (x86)\NVIDIA Corporation\PhysX\Common;C:\WINDOWS\system32;C:\WINDOWS;C:\WINDOWS\System32\Wbem;C:\WINDOWS\System32\WindowsPowerShell\v1.0\;C:\WINDOWS\System32\OpenSSH\;C:\Users\rmnlm\AppData\Local\Microsoft\WindowsApps;C:\Program Files\Zulu\zulu-26\\bin
JRE paths:	C:\Program Files\Zulu\zulu-26\;C:\Program Files\Zulu\zulu-26\bin\;C:\Program Files\Eclipse Adoptium\jdk-25.0.3.9-hotspot\bin;C:\Program Files (x86)\Razer Chroma SDK\bin;C:\Program Files\Razer Chroma SDK\bin;C:\Program Files (x86)\VMware\VMware Player\bin\;C:\Program Files\Eclipse Adoptium\jdk-11.0.15.10-hotspot\bin;C:\Windows\system32;C:\Windows;C:\Windows\System32\Wbem;C:\Windows\System32\WindowsPowerShell\v1.0\;C:\Windows\System32\OpenSSH\;C:\Program Files (x86)\Windows Live\Shared;C:\Program Files\dotnet\;C:\Program Files\Microsoft SQL Server\150\Tools\Binn\;C:\Program Files\Microsoft SQL Server\Client SDK\ODBC\170\Tools\Binn\;C:\Program Files\nodejs\;C:\Program Files\Git\cmd;C:\Windows\system32\config\systemprofile\AppData\Local\Microsoft\WindowsApps;C:\Program Files (x86)\Razer\ChromaBroadcast\bin;C:\Program Files\Razer\ChromaBroadcast\bin;C:\Users\rmnlm\AppData\Local\Programs\Python\Python312\Scripts\;C:\Users\rmnlm\AppData\Local\Programs\Python\Python312\;C:\Users\rmnlm\AppData\Local\Programs\Python\Launcher\;C:\Users\rmnlm\AppData\Local\Microsoft\WindowsApps;C:\Users\rmnlm\AppData\Local\GitHubDesktop\bin;C:\Users\rmnlm\AppData\Local\Programs\Microsoft VS Code\bin;C:\Users\rmnlm\.dotnet\tools;C:\Users\rmnlm\AppData\Roaming\npm;C:\Program Files\Fiddler;;C:\Program Files\NVIDIA Corporation\NVIDIA App\NvDLISR;C:\Program Files (x86)\NVIDIA Corporation\PhysX\Common;C:\WINDOWS\system32;C:\WINDOWS;C:\WINDOWS\System32\Wbem;C:\WINDOWS\System32\WindowsPowerShell\v1.0\;C:\WINDOWS\System32\OpenSSH\;C:\Users\rmnlm\AppData\Local\Microsoft\WindowsApps;C:\Program Files\Zulu\zulu-26\\bin
Check launcher:	C:\Program Files\Zulu\zulu-26\bin\javaw.exe (OK)
Version string: 1.026.000_001 / 64-Bit (OK)
Launcher:	C:\Program Files\Zulu\zulu-26\bin\javaw.exe
Launcher args:	-jar "C:\Users\rmnlm\Documents\GitHub\Rubiks-Cube-Solver\RubiksCubeSolver.exe"
Args length:	78/32768 chars
Exit code:	0


Version:	3.50
CmdLine:	C:\Users\rmnlm\Documents\GitHub\Rubiks-Cube-Solver\RubiksCubeSolver.exe --l4j-debug
JNI:		No
WOW64:		Yes
Working dir:	C:\Users\rmnlm\Documents\GitHub\Rubiks-Cube-Solver\.
Requires JDK:	No
Requires 64-Bit: Yes
Java min ver:	
Java max ver:	
Substitute:	JAVA_HOME = C:\Program Files\Zulu\zulu-26\
Substitute:	PATH = C:\Program Files\Zulu\zulu-26\bin\;C:\Program Files\Eclipse Adoptium\jdk-25.0.3.9-hotspot\bin;C:\Program Files (x86)\Razer Chroma SDK\bin;C:\Program Files\Razer Chroma SDK\bin;C:\Program Files (x86)\VMware\VMware Player\bin\;C:\Program Files\Eclipse Adoptium\jdk-11.0.15.10-hotspot\bin;C:\Windows\system32;C:\Windows;C:\Windows\System32\Wbem;C:\Windows\System32\WindowsPowerShell\v1.0\;C:\Windows\System32\OpenSSH\;C:\Program Files (x86)\Windows Live\Shared;C:\Program Files\dotnet\;C:\Program Files\Microsoft SQL Server\150\Tools\Binn\;C:\Program Files\Microsoft SQL Server\Client SDK\ODBC\170\Tools\Binn\;C:\Program Files\nodejs\;C:\Program Files\Git\cmd;C:\Windows\system32\config\systemprofile\AppData\Local\Microsoft\WindowsApps;C:\Program Files (x86)\Razer\ChromaBroadcast\bin;C:\Program Files\Razer\ChromaBroadcast\bin;C:\Users\rmnlm\AppData\Local\Programs\Python\Python312\Scripts\;C:\Users\rmnlm\AppData\Local\Programs\Python\Python312\;C:\Users\rmnlm\AppData\Local\Programs\Python\Launcher\;C:\Users\rmnlm\AppData\Local\Microsoft\WindowsApps;C:\Users\rmnlm\AppData\Local\GitHubDesktop\bin;C:\Users\rmnlm\AppData\Local\Programs\Microsoft VS Code\bin;C:\Users\rmnlm\.dotnet\tools;C:\Users\rmnlm\AppData\Roaming\npm;C:\Program Files\Fiddler;;C:\Program Files\NVIDIA Corporation\NVIDIA App\NvDLISR;C:\Program Files (x86)\NVIDIA Corporation\PhysX\Common;C:\WINDOWS\system32;C:\WINDOWS;C:\WINDOWS\System32\Wbem;C:\WINDOWS\System32\WindowsPowerShell\v1.0\;C:\WINDOWS\System32\OpenSSH\;C:\Users\rmnlm\AppData\Local\Microsoft\WindowsApps;C:\Program Files\Zulu\zulu-26\\bin
JRE paths:	C:\Program Files\Zulu\zulu-26\;C:\Program Files\Zulu\zulu-26\bin\;C:\Program Files\Eclipse Adoptium\jdk-25.0.3.9-hotspot\bin;C:\Program Files (x86)\Razer Chroma SDK\bin;C:\Program Files\Razer Chroma SDK\bin;C:\Program Files (x86)\VMware\VMware Player\bin\;C:\Program Files\Eclipse Adoptium\jdk-11.0.15.10-hotspot\bin;C:\Windows\system32;C:\Windows;C:\Windows\System32\Wbem;C:\Windows\System32\WindowsPowerShell\v1.0\;C:\Windows\System32\OpenSSH\;C:\Program Files (x86)\Windows Live\Shared;C:\Program Files\dotnet\;C:\Program Files\Microsoft SQL Server\150\Tools\Binn\;C:\Program Files\Microsoft SQL Server\Client SDK\ODBC\170\Tools\Binn\;C:\Program Files\nodejs\;C:\Program Files\Git\cmd;C:\Windows\system32\config\systemprofile\AppData\Local\Microsoft\WindowsApps;C:\Program Files (x86)\Razer\ChromaBroadcast\bin;C:\Program Files\Razer\ChromaBroadcast\bin;C:\Users\rmnlm\AppData\Local\Programs\Python\Python312\Scripts\;C:\Users\rmnlm\AppData\Local\Programs\Python\Python312\;C:\Users\rmnlm\AppData\Local\Programs\Python\Launcher\;C:\Users\rmnlm\AppData\Local\Microsoft\WindowsApps;C:\Users\rmnlm\AppData\Local\GitHubDesktop\bin;C:\Users\rmnlm\AppData\Local\Programs\Microsoft VS Code\bin;C:\Users\rmnlm\.dotnet\tools;C:\Users\rmnlm\AppData\Roaming\npm;C:\Program Files\Fiddler;;C:\Program Files\NVIDIA Corporation\NVIDIA App\NvDLISR;C:\Program Files (x86)\NVIDIA Corporation\PhysX\Common;C:\WINDOWS\system32;C:\WINDOWS;C:\WINDOWS\System32\Wbem;C:\WINDOWS\System32\WindowsPowerShell\v1.0\;C:\WINDOWS\System32\OpenSSH\;C:\Users\rmnlm\AppData\Local\Microsoft\WindowsApps;C:\Program Files\Zulu\zulu-26\\bin
Check launcher:	C:\Program Files\Zulu\zulu-26\bin\javaw.exe (OK)
Version string: 1.026.000_001 / 64-Bit (OK)
Launcher:	C:\Program Files\Zulu\zulu-26\bin\javaw.exe
Launcher args:	-jar "C:\Users\rmnlm\Documents\GitHub\Rubiks-Cube-Solver\RubiksCubeSolver.exe"
Args length:	78/32768 chars
Exit code:	0


Version:	3.50
CmdLine:	C:\Users\rmnlm\Documents\GitHub\Rubiks-Cube-Solver\RubiksCubeSolver.exe --l4j-debug
JNI:		No
WOW64:		Yes
Working dir:	C:\Users\rmnlm\Documents\GitHub\Rubiks-Cube-Solver\.
Requires JDK:	No
Requires 64-Bit: Yes
Java min ver:	
Java max ver:	
Substitute:	JAVA_HOME = C:\Program Files\Zulu\zulu-26\
Substitute:	PATH = C:\Program Files\Zulu\zulu-26\bin\;C:\Program Files\Eclipse Adoptium\jdk-25.0.3.9-hotspot\bin;C:\Program Files (x86)\Razer Chroma SDK\bin;C:\Program Files\Razer Chroma SDK\bin;C:\Program Files (x86)\VMware\VMware Player\bin\;C:\Program Files\Eclipse Adoptium\jdk-11.0.15.10-hotspot\bin;C:\Windows\system32;C:\Windows;C:\Windows\System32\Wbem;C:\Windows\System32\WindowsPowerShell\v1.0\;C:\Windows\System32\OpenSSH\;C:\Program Files (x86)\Windows Live\Shared;C:\Program Files\dotnet\;C:\Program Files\Microsoft SQL Server\150\Tools\Binn\;C:\Program Files\Microsoft SQL Server\Client SDK\ODBC\170\Tools\Binn\;C:\Program Files\nodejs\;C:\Program Files\Git\cmd;C:\Windows\system32\config\systemprofile\AppData\Local\Microsoft\WindowsApps;C:\Program Files (x86)\Razer\ChromaBroadcast\bin;C:\Program Files\Razer\ChromaBroadcast\bin;C:\Users\rmnlm\AppData\Local\Programs\Python\Python312\Scripts\;C:\Users\rmnlm\AppData\Local\Programs\Python\Python312\;C:\Users\rmnlm\AppData\Local\Programs\Python\Launcher\;C:\Users\rmnlm\AppData\Local\Microsoft\WindowsApps;C:\Users\rmnlm\AppData\Local\GitHubDesktop\bin;C:\Users\rmnlm\AppData\Local\Programs\Microsoft VS Code\bin;C:\Users\rmnlm\.dotnet\tools;C:\Users\rmnlm\AppData\Roaming\npm;C:\Program Files\Fiddler;;C:\Program Files\NVIDIA Corporation\NVIDIA App\NvDLISR;C:\Program Files (x86)\NVIDIA Corporation\PhysX\Common;C:\WINDOWS\system32;C:\WINDOWS;C:\WINDOWS\System32\Wbem;C:\WINDOWS\System32\WindowsPowerShell\v1.0\;C:\WINDOWS\System32\OpenSSH\;C:\Users\rmnlm\AppData\Local\Microsoft\WindowsApps;C:\Program Files\Zulu\zulu-26\\bin
JRE paths:	C:\Program Files\Zulu\zulu-26\;C:\Program Files\Zulu\zulu-26\bin\;C:\Program Files\Eclipse Adoptium\jdk-25.0.3.9-hotspot\bin;C:\Program Files (x86)\Razer Chroma SDK\bin;C:\Program Files\Razer Chroma SDK\bin;C:\Program Files (x86)\VMware\VMware Player\bin\;C:\Program Files\Eclipse Adoptium\jdk-11.0.15.10-hotspot\bin;C:\Windows\system32;C:\Windows;C:\Windows\System32\Wbem;C:\Windows\System32\WindowsPowerShell\v1.0\;C:\Windows\System32\OpenSSH\;C:\Program Files (x86)\Windows Live\Shared;C:\Program Files\dotnet\;C:\Program Files\Microsoft SQL Server\150\Tools\Binn\;C:\Program Files\Microsoft SQL Server\Client SDK\ODBC\170\Tools\Binn\;C:\Program Files\nodejs\;C:\Program Files\Git\cmd;C:\Windows\system32\config\systemprofile\AppData\Local\Microsoft\WindowsApps;C:\Program Files (x86)\Razer\ChromaBroadcast\bin;C:\Program Files\Razer\ChromaBroadcast\bin;C:\Users\rmnlm\AppData\Local\Programs\Python\Python312\Scripts\;C:\Users\rmnlm\AppData\Local\Programs\Python\Python312\;C:\Users\rmnlm\AppData\Local\Programs\Python\Launcher\;C:\Users\rmnlm\AppData\Local\Microsoft\WindowsApps;C:\Users\rmnlm\AppData\Local\GitHubDesktop\bin;C:\Users\rmnlm\AppData\Local\Programs\Microsoft VS Code\bin;C:\Users\rmnlm\.dotnet\tools;C:\Users\rmnlm\AppData\Roaming\npm;C:\Program Files\Fiddler;;C:\Program Files\NVIDIA Corporation\NVIDIA App\NvDLISR;C:\Program Files (x86)\NVIDIA Corporation\PhysX\Common;C:\WINDOWS\system32;C:\WINDOWS;C:\WINDOWS\System32\Wbem;C:\WINDOWS\System32\WindowsPowerShell\v1.0\;C:\WINDOWS\System32\OpenSSH\;C:\Users\rmnlm\AppData\Local\Microsoft\WindowsApps;C:\Program Files\Zulu\zulu-26\\bin
Check launcher:	C:\Program Files\Zulu\zulu-26\bin\javaw.exe (OK)
Version string: 1.026.000_001 / 64-Bit (OK)
Launcher:	C:\Program Files\Zulu\zulu-26\bin\javaw.exe
Launcher args:	-jar "C:\Users\rmnlm\Documents\GitHub\Rubiks-Cube-Solver\RubiksCubeSolver.exe"
Args length:	78/32768 chars
Exit code:	0


Version:	3.50
CmdLine:	C:\Users\rmnlm\Documents\GitHub\Rubiks-Cube-Solver\RubiksCubeSolver.exe --l4j-debug
JNI:		No
WOW64:		Yes
Working dir:	C:\Users\rmnlm\Documents\GitHub\Rubiks-Cube-Solver\.
Requires JDK:	No
Requires 64-Bit: Yes
Java min ver:	
Java max ver:	
Substitute:	JAVA_HOME = C:\Program Files\Zulu\zulu-26\
Substitute:	PATH = C:\Program Files\Zulu\zulu-26\bin\;C:\Program Files\Eclipse Adoptium\jdk-25.0.3.9-hotspot\bin;C:\Program Files (x86)\Razer Chroma SDK\bin;C:\Program Files\Razer Chroma SDK\bin;C:\Program Files (x86)\VMware\VMware Player\bin\;C:\Program Files\Eclipse Adoptium\jdk-11.0.15.10-hotspot\bin;C:\Windows\system32;C:\Windows;C:\Windows\System32\Wbem;C:\Windows\System32\WindowsPowerShell\v1.0\;C:\Windows\System32\OpenSSH\;C:\Program Files (x86)\Windows Live\Shared;C:\Program Files\dotnet\;C:\Program Files\Microsoft SQL Server\150\Tools\Binn\;C:\Program Files\Microsoft SQL Server\Client SDK\ODBC\170\Tools\Binn\;C:\Program Files\nodejs\;C:\Program Files\Git\cmd;C:\Windows\system32\config\systemprofile\AppData\Local\Microsoft\WindowsApps;C:\Program Files (x86)\Razer\ChromaBroadcast\bin;C:\Program Files\Razer\ChromaBroadcast\bin;C:\Users\rmnlm\AppData\Local\Programs\Python\Python312\Scripts\;C:\Users\rmnlm\AppData\Local\Programs\Python\Python312\;C:\Users\rmnlm\AppData\Local\Programs\Python\Launcher\;C:\Users\rmnlm\AppData\Local\Microsoft\WindowsApps;C:\Users\rmnlm\AppData\Local\GitHubDesktop\bin;C:\Users\rmnlm\AppData\Local\Programs\Microsoft VS Code\bin;C:\Users\rmnlm\.dotnet\tools;C:\Users\rmnlm\AppData\Roaming\npm;C:\Program Files\Fiddler;;C:\Program Files\NVIDIA Corporation\NVIDIA App\NvDLISR;C:\Program Files (x86)\NVIDIA Corporation\PhysX\Common;C:\WINDOWS\system32;C:\WINDOWS;C:\WINDOWS\System32\Wbem;C:\WINDOWS\System32\WindowsPowerShell\v1.0\;C:\WINDOWS\System32\OpenSSH\;C:\Users\rmnlm\AppData\Local\Microsoft\WindowsApps;C:\Program Files\Zulu\zulu-26\\bin
JRE paths:	C:\Program Files\Zulu\zulu-26\;C:\Program Files\Zulu\zulu-26\bin\;C:\Program Files\Eclipse Adoptium\jdk-25.0.3.9-hotspot\bin;C:\Program Files (x86)\Razer Chroma SDK\bin;C:\Program Files\Razer Chroma SDK\bin;C:\Program Files (x86)\VMware\VMware Player\bin\;C:\Program Files\Eclipse Adoptium\jdk-11.0.15.10-hotspot\bin;C:\Windows\system32;C:\Windows;C:\Windows\System32\Wbem;C:\Windows\System32\WindowsPowerShell\v1.0\;C:\Windows\System32\OpenSSH\;C:\Program Files (x86)\Windows Live\Shared;C:\Program Files\dotnet\;C:\Program Files\Microsoft SQL Server\150\Tools\Binn\;C:\Program Files\Microsoft SQL Server\Client SDK\ODBC\170\Tools\Binn\;C:\Program Files\nodejs\;C:\Program Files\Git\cmd;C:\Windows\system32\config\systemprofile\AppData\Local\Microsoft\WindowsApps;C:\Program Files (x86)\Razer\ChromaBroadcast\bin;C:\Program Files\Razer\ChromaBroadcast\bin;C:\Users\rmnlm\AppData\Local\Programs\Python\Python312\Scripts\;C:\Users\rmnlm\AppData\Local\Programs\Python\Python312\;C:\Users\rmnlm\AppData\Local\Programs\Python\Launcher\;C:\Users\rmnlm\AppData\Local\Microsoft\WindowsApps;C:\Users\rmnlm\AppData\Local\GitHubDesktop\bin;C:\Users\rmnlm\AppData\Local\Programs\Microsoft VS Code\bin;C:\Users\rmnlm\.dotnet\tools;C:\Users\rmnlm\AppData\Roaming\npm;C:\Program Files\Fiddler;;C:\Program Files\NVIDIA Corporation\NVIDIA App\NvDLISR;C:\Program Files (x86)\NVIDIA Corporation\PhysX\Common;C:\WINDOWS\system32;C:\WINDOWS;C:\WINDOWS\System32\Wbem;C:\WINDOWS\System32\WindowsPowerShell\v1.0\;C:\WINDOWS\System32\OpenSSH\;C:\Users\rmnlm\AppData\Local\Microsoft\WindowsApps;C:\Program Files\Zulu\zulu-26\\bin
Check launcher:	C:\Program Files\Zulu\zulu-26\bin\javaw.exe (OK)
Version string: 1.026.000_001 / 64-Bit (OK)
Launcher:	C:\Program Files\Zulu\zulu-26\bin\javaw.exe
Launcher args:	-jar "C:\Users\rmnlm\Documents\GitHub\Rubiks-Cube-Solver\RubiksCubeSolver.exe"
Args length:	78/32768 chars
Exit code:	0


Version:	3.50
CmdLine:	C:\Users\rmnlm\Documents\GitHub\Rubiks-Cube-Solver\RubiksCubeSolver.exe --l4j-debug
JNI:		No
WOW64:		Yes
Working dir:	C:\Users\rmnlm\Documents\GitHub\Rubiks-Cube-Solver\.
Requires JDK:	No
Requires 64-Bit: Yes
Java min ver:	
Java max ver:	
Substitute:	JAVA_HOME = C:\Program Files\Zulu\zulu-26\
Substitute:	PATH = C:\Program Files\Zulu\zulu-26\bin\;C:\Program Files\Eclipse Adoptium\jdk-25.0.3.9-hotspot\bin;C:\Program Files (x86)\Razer Chroma SDK\bin;C:\Program Files\Razer Chroma SDK\bin;C:\Program Files (x86)\VMware\VMware Player\bin\;C:\Program Files\Eclipse Adoptium\jdk-11.0.15.10-hotspot\bin;C:\Windows\system32;C:\Windows;C:\Windows\System32\Wbem;C:\Windows\System32\WindowsPowerShell\v1.0\;C:\Windows\System32\OpenSSH\;C:\Program Files (x86)\Windows Live\Shared;C:\Program Files\dotnet\;C:\Program Files\Microsoft SQL Server\150\Tools\Binn\;C:\Program Files\Microsoft SQL Server\Client SDK\ODBC\170\Tools\Binn\;C:\Program Files\nodejs\;C:\Program Files\Git\cmd;C:\Windows\system32\config\systemprofile\AppData\Local\Microsoft\WindowsApps;C:\Program Files (x86)\Razer\ChromaBroadcast\bin;C:\Program Files\Razer\ChromaBroadcast\bin;C:\Users\rmnlm\AppData\Local\Programs\Python\Python312\Scripts\;C:\Users\rmnlm\AppData\Local\Programs\Python\Python312\;C:\Users\rmnlm\AppData\Local\Programs\Python\Launcher\;C:\Users\rmnlm\AppData\Local\Microsoft\WindowsApps;C:\Users\rmnlm\AppData\Local\GitHubDesktop\bin;C:\Users\rmnlm\AppData\Local\Programs\Microsoft VS Code\bin;C:\Users\rmnlm\.dotnet\tools;C:\Users\rmnlm\AppData\Roaming\npm;C:\Program Files\Fiddler;;C:\Program Files\NVIDIA Corporation\NVIDIA App\NvDLISR;C:\Program Files (x86)\NVIDIA Corporation\PhysX\Common;C:\WINDOWS\system32;C:\WINDOWS;C:\WINDOWS\System32\Wbem;C:\WINDOWS\System32\WindowsPowerShell\v1.0\;C:\WINDOWS\System32\OpenSSH\;C:\Users\rmnlm\AppData\Local\Microsoft\WindowsApps;C:\Program Files\Zulu\zulu-26\\bin
JRE paths:	C:\Program Files\Zulu\zulu-26\;C:\Program Files\Zulu\zulu-26\bin\;C:\Program Files\Eclipse Adoptium\jdk-25.0.3.9-hotspot\bin;C:\Program Files (x86)\Razer Chroma SDK\bin;C:\Program Files\Razer Chroma SDK\bin;C:\Program Files (x86)\VMware\VMware Player\bin\;C:\Program Files\Eclipse Adoptium\jdk-11.0.15.10-hotspot\bin;C:\Windows\system32;C:\Windows;C:\Windows\System32\Wbem;C:\Windows\System32\WindowsPowerShell\v1.0\;C:\Windows\System32\OpenSSH\;C:\Program Files (x86)\Windows Live\Shared;C:\Program Files\dotnet\;C:\Program Files\Microsoft SQL Server\150\Tools\Binn\;C:\Program Files\Microsoft SQL Server\Client SDK\ODBC\170\Tools\Binn\;C:\Program Files\nodejs\;C:\Program Files\Git\cmd;C:\Windows\system32\config\systemprofile\AppData\Local\Microsoft\WindowsApps;C:\Program Files (x86)\Razer\ChromaBroadcast\bin;C:\Program Files\Razer\ChromaBroadcast\bin;C:\Users\rmnlm\AppData\Local\Programs\Python\Python312\Scripts\;C:\Users\rmnlm\AppData\Local\Programs\Python\Python312\;C:\Users\rmnlm\AppData\Local\Programs\Python\Launcher\;C:\Users\rmnlm\AppData\Local\Microsoft\WindowsApps;C:\Users\rmnlm\AppData\Local\GitHubDesktop\bin;C:\Users\rmnlm\AppData\Local\Programs\Microsoft VS Code\bin;C:\Users\rmnlm\.dotnet\tools;C:\Users\rmnlm\AppData\Roaming\npm;C:\Program Files\Fiddler;;C:\Program Files\NVIDIA Corporation\NVIDIA App\NvDLISR;C:\Program Files (x86)\NVIDIA Corporation\PhysX\Common;C:\WINDOWS\system32;C:\WINDOWS;C:\WINDOWS\System32\Wbem;C:\WINDOWS\System32\WindowsPowerShell\v1.0\;C:\WINDOWS\System32\OpenSSH\;C:\Users\rmnlm\AppData\Local\Microsoft\WindowsApps;C:\Program Files\Zulu\zulu-26\\bin
Check launcher:	C:\Program Files\Zulu\zulu-26\bin\javaw.exe (OK)
Version string: 1.026.000_001 / 64-Bit (OK)
Launcher:	C:\Program Files\Zulu\zulu-26\bin\javaw.exe
Launcher args:	-jar "C:\Users\rmnlm\Documents\GitHub\Rubiks-Cube-Solver\RubiksCubeSolver.exe"
Args length:	78/32768 chars
Exit code:	0


Version:	3.50
CmdLine:	C:\Users\rmnlm\Documents\GitHub\Rubiks-Cube-Solver\RubiksCubeSolver.exe --l4j-debug
JNI:		No
WOW64:		Yes
Working dir:	C:\Users\rmnlm\Documents\GitHub\Rubiks-Cube-Solver\.
Requires JDK:	No
Requires 64-Bit: Yes
Java min ver:	
Java max ver:	
Substitute:	JAVA_HOME = C:\Program Files\Zulu\zulu-26\
Substitute:	PATH = C:\Program Files\Zulu\zulu-26\bin\;C:\Program Files\Eclipse Adoptium\jdk-25.0.3.9-hotspot\bin;C:\Program Files (x86)\Razer Chroma SDK\bin;C:\Program Files\Razer Chroma SDK\bin;C:\Program Files (x86)\VMware\VMware Player\bin\;C:\Program Files\Eclipse Adoptium\jdk-11.0.15.10-hotspot\bin;C:\Windows\system32;C:\Windows;C:\Windows\System32\Wbem;C:\Windows\System32\WindowsPowerShell\v1.0\;C:\Windows\System32\OpenSSH\;C:\Program Files (x86)\Windows Live\Shared;C:\Program Files\dotnet\;C:\Program Files\Microsoft SQL Server\150\Tools\Binn\;C:\Program Files\Microsoft SQL Server\Client SDK\ODBC\170\Tools\Binn\;C:\Program Files\nodejs\;C:\Program Files\Git\cmd;C:\Windows\system32\config\systemprofile\AppData\Local\Microsoft\WindowsApps;C:\Program Files (x86)\Razer\ChromaBroadcast\bin;C:\Program Files\Razer\ChromaBroadcast\bin;C:\Users\rmnlm\AppData\Local\Programs\Python\Python312\Scripts\;C:\Users\rmnlm\AppData\Local\Programs\Python\Python312\;C:\Users\rmnlm\AppData\Local\Programs\Python\Launcher\;C:\Users\rmnlm\AppData\Local\Microsoft\WindowsApps;C:\Users\rmnlm\AppData\Local\GitHubDesktop\bin;C:\Users\rmnlm\AppData\Local\Programs\Microsoft VS Code\bin;C:\Users\rmnlm\.dotnet\tools;C:\Users\rmnlm\AppData\Roaming\npm;C:\Program Files\Fiddler;;C:\Program Files\NVIDIA Corporation\NVIDIA App\NvDLISR;C:\Program Files (x86)\NVIDIA Corporation\PhysX\Common;C:\WINDOWS\system32;C:\WINDOWS;C:\WINDOWS\System32\Wbem;C:\WINDOWS\System32\WindowsPowerShell\v1.0\;C:\WINDOWS\System32\OpenSSH\;C:\Users\rmnlm\AppData\Local\Microsoft\WindowsApps;C:\Program Files\Zulu\zulu-26\\bin
JRE paths:	C:\Program Files\Zulu\zulu-26\;C:\Program Files\Zulu\zulu-26\bin\;C:\Program Files\Eclipse Adoptium\jdk-25.0.3.9-hotspot\bin;C:\Program Files (x86)\Razer Chroma SDK\bin;C:\Program Files\Razer Chroma SDK\bin;C:\Program Files (x86)\VMware\VMware Player\bin\;C:\Program Files\Eclipse Adoptium\jdk-11.0.15.10-hotspot\bin;C:\Windows\system32;C:\Windows;C:\Windows\System32\Wbem;C:\Windows\System32\WindowsPowerShell\v1.0\;C:\Windows\System32\OpenSSH\;C:\Program Files (x86)\Windows Live\Shared;C:\Program Files\dotnet\;C:\Program Files\Microsoft SQL Server\150\Tools\Binn\;C:\Program Files\Microsoft SQL Server\Client SDK\ODBC\170\Tools\Binn\;C:\Program Files\nodejs\;C:\Program Files\Git\cmd;C:\Windows\system32\config\systemprofile\AppData\Local\Microsoft\WindowsApps;C:\Program Files (x86)\Razer\ChromaBroadcast\bin;C:\Program Files\Razer\ChromaBroadcast\bin;C:\Users\rmnlm\AppData\Local\Programs\Python\Python312\Scripts\;C:\Users\rmnlm\AppData\Local\Programs\Python\Python312\;C:\Users\rmnlm\AppData\Local\Programs\Python\Launcher\;C:\Users\rmnlm\AppData\Local\Microsoft\WindowsApps;C:\Users\rmnlm\AppData\Local\GitHubDesktop\bin;C:\Users\rmnlm\AppData\Local\Programs\Microsoft VS Code\bin;C:\Users\rmnlm\.dotnet\tools;C:\Users\rmnlm\AppData\Roaming\npm;C:\Program Files\Fiddler;;C:\Program Files\NVIDIA Corporation\NVIDIA App\NvDLISR;C:\Program Files (x86)\NVIDIA Corporation\PhysX\Common;C:\WINDOWS\system32;C:\WINDOWS;C:\WINDOWS\System32\Wbem;C:\WINDOWS\System32\WindowsPowerShell\v1.0\;C:\WINDOWS\System32\OpenSSH\;C:\Users\rmnlm\AppData\Local\Microsoft\WindowsApps;C:\Program Files\Zulu\zulu-26\\bin
Check launcher:	C:\Program Files\Zulu\zulu-26\bin\javaw.exe (OK)
Version string: 1.026.000_001 / 64-Bit (OK)
Launcher:	C:\Program Files\Zulu\zulu-26\bin\javaw.exe
Launcher args:	-jar "C:\Users\rmnlm\Documents\GitHub\Rubiks-Cube-Solver\RubiksCubeSolver.exe"
Args length:	78/32768 chars
Exit code:	0


Version:	3.50
CmdLine:	C:\Users\rmnlm\Documents\GitHub\Rubiks-Cube-Solver\RubiksCubeSolver.exe --l4j-debug
JNI:		No
WOW64:		Yes
Working dir:	C:\Users\rmnlm\Documents\GitHub\Rubiks-Cube-Solver\.
Requires JDK:	No
Requires 64-Bit: Yes
Java min ver:	
Java max ver:	
Substitute:	JAVA_HOME = C:\Program Files\Zulu\zulu-26\
Substitute:	PATH = C:\Program Files\Zulu\zulu-26\bin\;C:\Program Files\Eclipse Adoptium\jdk-25.0.3.9-hotspot\bin;C:\Program Files (x86)\Razer Chroma SDK\bin;C:\Program Files\Razer Chroma SDK\bin;C:\Program Files (x86)\VMware\VMware Player\bin\;C:\Program Files\Eclipse Adoptium\jdk-11.0.15.10-hotspot\bin;C:\Windows\system32;C:\Windows;C:\Windows\System32\Wbem;C:\Windows\System32\WindowsPowerShell\v1.0\;C:\Windows\System32\OpenSSH\;C:\Program Files (x86)\Windows Live\Shared;C:\Program Files\dotnet\;C:\Program Files\Microsoft SQL Server\150\Tools\Binn\;C:\Program Files\Microsoft SQL Server\Client SDK\ODBC\170\Tools\Binn\;C:\Program Files\nodejs\;C:\Program Files\Git\cmd;C:\Windows\system32\config\systemprofile\AppData\Local\Microsoft\WindowsApps;C:\Program Files (x86)\Razer\ChromaBroadcast\bin;C:\Program Files\Razer\ChromaBroadcast\bin;C:\Users\rmnlm\AppData\Local\Programs\Python\Python312\Scripts\;C:\Users\rmnlm\AppData\Local\Programs\Python\Python312\;C:\Users\rmnlm\AppData\Local\Programs\Python\Launcher\;C:\Users\rmnlm\AppData\Local\Microsoft\WindowsApps;C:\Users\rmnlm\AppData\Local\GitHubDesktop\bin;C:\Users\rmnlm\AppData\Local\Programs\Microsoft VS Code\bin;C:\Users\rmnlm\.dotnet\tools;C:\Users\rmnlm\AppData\Roaming\npm;C:\Program Files\Fiddler;;C:\Program Files\NVIDIA Corporation\NVIDIA App\NvDLISR;C:\Program Files (x86)\NVIDIA Corporation\PhysX\Common;C:\WINDOWS\system32;C:\WINDOWS;C:\WINDOWS\System32\Wbem;C:\WINDOWS\System32\WindowsPowerShell\v1.0\;C:\WINDOWS\System32\OpenSSH\;C:\Users\rmnlm\AppData\Local\Microsoft\WindowsApps;C:\Program Files\Zulu\zulu-26\\bin
JRE paths:	C:\Program Files\Zulu\zulu-26\;C:\Program Files\Zulu\zulu-26\bin\;C:\Program Files\Eclipse Adoptium\jdk-25.0.3.9-hotspot\bin;C:\Program Files (x86)\Razer Chroma SDK\bin;C:\Program Files\Razer Chroma SDK\bin;C:\Program Files (x86)\VMware\VMware Player\bin\;C:\Program Files\Eclipse Adoptium\jdk-11.0.15.10-hotspot\bin;C:\Windows\system32;C:\Windows;C:\Windows\System32\Wbem;C:\Windows\System32\WindowsPowerShell\v1.0\;C:\Windows\System32\OpenSSH\;C:\Program Files (x86)\Windows Live\Shared;C:\Program Files\dotnet\;C:\Program Files\Microsoft SQL Server\150\Tools\Binn\;C:\Program Files\Microsoft SQL Server\Client SDK\ODBC\170\Tools\Binn\;C:\Program Files\nodejs\;C:\Program Files\Git\cmd;C:\Windows\system32\config\systemprofile\AppData\Local\Microsoft\WindowsApps;C:\Program Files (x86)\Razer\ChromaBroadcast\bin;C:\Program Files\Razer\ChromaBroadcast\bin;C:\Users\rmnlm\AppData\Local\Programs\Python\Python312\Scripts\;C:\Users\rmnlm\AppData\Local\Programs\Python\Python312\;C:\Users\rmnlm\AppData\Local\Programs\Python\Launcher\;C:\Users\rmnlm\AppData\Local\Microsoft\WindowsApps;C:\Users\rmnlm\AppData\Local\GitHubDesktop\bin;C:\Users\rmnlm\AppData\Local\Programs\Microsoft VS Code\bin;C:\Users\rmnlm\.dotnet\tools;C:\Users\rmnlm\AppData\Roaming\npm;C:\Program Files\Fiddler;;C:\Program Files\NVIDIA Corporation\NVIDIA App\NvDLISR;C:\Program Files (x86)\NVIDIA Corporation\PhysX\Common;C:\WINDOWS\system32;C:\WINDOWS;C:\WINDOWS\System32\Wbem;C:\WINDOWS\System32\WindowsPowerShell\v1.0\;C:\WINDOWS\System32\OpenSSH\;C:\Users\rmnlm\AppData\Local\Microsoft\WindowsApps;C:\Program Files\Zulu\zulu-26\\bin
Check launcher:	C:\Program Files\Zulu\zulu-26\bin\javaw.exe (OK)
Version string: 1.026.000_001 / 64-Bit (OK)
Launcher:	C:\Program Files\Zulu\zulu-26\bin\javaw.exe
Launcher args:	-jar "C:\Users\rmnlm\Documents\GitHub\Rubiks-Cube-Solver\RubiksCubeSolver.exe"
Args length:	78/32768 chars
Exit code:	0


Version:	3.50
CmdLine:	C:\Users\rmnlm\Documents\GitHub\Rubiks-Cube-Solver\RubiksCubeSolver.exe --l4j-debug
JNI:		No
WOW64:		Yes
Working dir:	C:\Users\rmnlm\Documents\GitHub\Rubiks-Cube-Solver\.
Requires JDK:	No
Requires 64-Bit: Yes
Java min ver:	
Java max ver:	
Substitute:	JAVA_HOME = C:\Program Files\Zulu\zulu-26\
Substitute:	PATH = C:\Program Files\Zulu\zulu-26\bin\;C:\Program Files\Eclipse Adoptium\jdk-25.0.3.9-hotspot\bin;C:\Program Files (x86)\Razer Chroma SDK\bin;C:\Program Files\Razer Chroma SDK\bin;C:\Program Files (x86)\VMware\VMware Player\bin\;C:\Program Files\Eclipse Adoptium\jdk-11.0.15.10-hotspot\bin;C:\Windows\system32;C:\Windows;C:\Windows\System32\Wbem;C:\Windows\System32\WindowsPowerShell\v1.0\;C:\Windows\System32\OpenSSH\;C:\Program Files (x86)\Windows Live\Shared;C:\Program Files\dotnet\;C:\Program Files\Microsoft SQL Server\150\Tools\Binn\;C:\Program Files\Microsoft SQL Server\Client SDK\ODBC\170\Tools\Binn\;C:\Program Files\nodejs\;C:\Program Files\Git\cmd;C:\Windows\system32\config\systemprofile\AppData\Local\Microsoft\WindowsApps;C:\Program Files (x86)\Razer\ChromaBroadcast\bin;C:\Program Files\Razer\ChromaBroadcast\bin;C:\Users\rmnlm\AppData\Local\Programs\Python\Python312\Scripts\;C:\Users\rmnlm\AppData\Local\Programs\Python\Python312\;C:\Users\rmnlm\AppData\Local\Programs\Python\Launcher\;C:\Users\rmnlm\AppData\Local\Microsoft\WindowsApps;C:\Users\rmnlm\AppData\Local\GitHubDesktop\bin;C:\Users\rmnlm\AppData\Local\Programs\Microsoft VS Code\bin;C:\Users\rmnlm\.dotnet\tools;C:\Users\rmnlm\AppData\Roaming\npm;C:\Program Files\Fiddler;;C:\Program Files\NVIDIA Corporation\NVIDIA App\NvDLISR;C:\Program Files (x86)\NVIDIA Corporation\PhysX\Common;C:\WINDOWS\system32;C:\WINDOWS;C:\WINDOWS\System32\Wbem;C:\WINDOWS\System32\WindowsPowerShell\v1.0\;C:\WINDOWS\System32\OpenSSH\;C:\Users\rmnlm\AppData\Local\Microsoft\WindowsApps;C:\Program Files\Zulu\zulu-26\\bin
JRE paths:	C:\Program Files\Zulu\zulu-26\;C:\Program Files\Zulu\zulu-26\bin\;C:\Program Files\Eclipse Adoptium\jdk-25.0.3.9-hotspot\bin;C:\Program Files (x86)\Razer Chroma SDK\bin;C:\Program Files\Razer Chroma SDK\bin;C:\Program Files (x86)\VMware\VMware Player\bin\;C:\Program Files\Eclipse Adoptium\jdk-11.0.15.10-hotspot\bin;C:\Windows\system32;C:\Windows;C:\Windows\System32\Wbem;C:\Windows\System32\WindowsPowerShell\v1.0\;C:\Windows\System32\OpenSSH\;C:\Program Files (x86)\Windows Live\Shared;C:\Program Files\dotnet\;C:\Program Files\Microsoft SQL Server\150\Tools\Binn\;C:\Program Files\Microsoft SQL Server\Client SDK\ODBC\170\Tools\Binn\;C:\Program Files\nodejs\;C:\Program Files\Git\cmd;C:\Windows\system32\config\systemprofile\AppData\Local\Microsoft\WindowsApps;C:\Program Files (x86)\Razer\ChromaBroadcast\bin;C:\Program Files\Razer\ChromaBroadcast\bin;C:\Users\rmnlm\AppData\Local\Programs\Python\Python312\Scripts\;C:\Users\rmnlm\AppData\Local\Programs\Python\Python312\;C:\Users\rmnlm\AppData\Local\Programs\Python\Launcher\;C:\Users\rmnlm\AppData\Local\Microsoft\WindowsApps;C:\Users\rmnlm\AppData\Local\GitHubDesktop\bin;C:\Users\rmnlm\AppData\Local\Programs\Microsoft VS Code\bin;C:\Users\rmnlm\.dotnet\tools;C:\Users\rmnlm\AppData\Roaming\npm;C:\Program Files\Fiddler;;C:\Program Files\NVIDIA Corporation\NVIDIA App\NvDLISR;C:\Program Files (x86)\NVIDIA Corporation\PhysX\Common;C:\WINDOWS\system32;C:\WINDOWS;C:\WINDOWS\System32\Wbem;C:\WINDOWS\System32\WindowsPowerShell\v1.0\;C:\WINDOWS\System32\OpenSSH\;C:\Users\rmnlm\AppData\Local\Microsoft\WindowsApps;C:\Program Files\Zulu\zulu-26\\bin
Check launcher:	C:\Program Files\Zulu\zulu-26\bin\javaw.exe (OK)
Version string: 1.026.000_001 / 64-Bit (OK)
Launcher:	C:\Program Files\Zulu\zulu-26\bin\javaw.exe
Launcher args:	-jar "C:\Users\rmnlm\Documents\GitHub\Rubiks-Cube-Solver\RubiksCubeSolver.exe"
Args length:	78/32768 chars
Exit code:	0


Version:	3.50
CmdLine:	C:\Users\rmnlm\Documents\GitHub\Rubiks-Cube-Solver\RubiksCubeSolver.exe --l4j-debug
JNI:		No
WOW64:		Yes
Working dir:	C:\Users\rmnlm\Documents\GitHub\Rubiks-Cube-Solver\.
Requires JDK:	No
Requires 64-Bit: Yes
Java min ver:	
Java max ver:	
Substitute:	JAVA_HOME = C:\Program Files\Zulu\zulu-26\
Substitute:	PATH = C:\Program Files\Zulu\zulu-26\bin\;C:\Program Files\Eclipse Adoptium\jdk-25.0.3.9-hotspot\bin;C:\Program Files (x86)\Razer Chroma SDK\bin;C:\Program Files\Razer Chroma SDK\bin;C:\Program Files (x86)\VMware\VMware Player\bin\;C:\Program Files\Eclipse Adoptium\jdk-11.0.15.10-hotspot\bin;C:\Windows\system32;C:\Windows;C:\Windows\System32\Wbem;C:\Windows\System32\WindowsPowerShell\v1.0\;C:\Windows\System32\OpenSSH\;C:\Program Files (x86)\Windows Live\Shared;C:\Program Files\dotnet\;C:\Program Files\Microsoft SQL Server\150\Tools\Binn\;C:\Program Files\Microsoft SQL Server\Client SDK\ODBC\170\Tools\Binn\;C:\Program Files\nodejs\;C:\Program Files\Git\cmd;C:\Windows\system32\config\systemprofile\AppData\Local\Microsoft\WindowsApps;C:\Program Files (x86)\Razer\ChromaBroadcast\bin;C:\Program Files\Razer\ChromaBroadcast\bin;C:\Users\rmnlm\AppData\Local\Programs\Python\Python312\Scripts\;C:\Users\rmnlm\AppData\Local\Programs\Python\Python312\;C:\Users\rmnlm\AppData\Local\Programs\Python\Launcher\;C:\Users\rmnlm\AppData\Local\Microsoft\WindowsApps;C:\Users\rmnlm\AppData\Local\GitHubDesktop\bin;C:\Users\rmnlm\AppData\Local\Programs\Microsoft VS Code\bin;C:\Users\rmnlm\.dotnet\tools;C:\Users\rmnlm\AppData\Roaming\npm;C:\Program Files\Fiddler;;C:\Program Files\NVIDIA Corporation\NVIDIA App\NvDLISR;C:\Program Files (x86)\NVIDIA Corporation\PhysX\Common;C:\WINDOWS\system32;C:\WINDOWS;C:\WINDOWS\System32\Wbem;C:\WINDOWS\System32\WindowsPowerShell\v1.0\;C:\WINDOWS\System32\OpenSSH\;C:\Users\rmnlm\AppData\Local\Microsoft\WindowsApps;C:\Program Files\Zulu\zulu-26\\bin
JRE paths:	C:\Program Files\Zulu\zulu-26\;C:\Program Files\Zulu\zulu-26\bin\;C:\Program Files\Eclipse Adoptium\jdk-25.0.3.9-hotspot\bin;C:\Program Files (x86)\Razer Chroma SDK\bin;C:\Program Files\Razer Chroma SDK\bin;C:\Program Files (x86)\VMware\VMware Player\bin\;C:\Program Files\Eclipse Adoptium\jdk-11.0.15.10-hotspot\bin;C:\Windows\system32;C:\Windows;C:\Windows\System32\Wbem;C:\Windows\System32\WindowsPowerShell\v1.0\;C:\Windows\System32\OpenSSH\;C:\Program Files (x86)\Windows Live\Shared;C:\Program Files\dotnet\;C:\Program Files\Microsoft SQL Server\150\Tools\Binn\;C:\Program Files\Microsoft SQL Server\Client SDK\ODBC\170\Tools\Binn\;C:\Program Files\nodejs\;C:\Program Files\Git\cmd;C:\Windows\system32\config\systemprofile\AppData\Local\Microsoft\WindowsApps;C:\Program Files (x86)\Razer\ChromaBroadcast\bin;C:\Program Files\Razer\ChromaBroadcast\bin;C:\Users\rmnlm\AppData\Local\Programs\Python\Python312\Scripts\;C:\Users\rmnlm\AppData\Local\Programs\Python\Python312\;C:\Users\rmnlm\AppData\Local\Programs\Python\Launcher\;C:\Users\rmnlm\AppData\Local\Microsoft\WindowsApps;C:\Users\rmnlm\AppData\Local\GitHubDesktop\bin;C:\Users\rmnlm\AppData\Local\Programs\Microsoft VS Code\bin;C:\Users\rmnlm\.dotnet\tools;C:\Users\rmnlm\AppData\Roaming\npm;C:\Program Files\Fiddler;;C:\Program Files\NVIDIA Corporation\NVIDIA App\NvDLISR;C:\Program Files (x86)\NVIDIA Corporation\PhysX\Common;C:\WINDOWS\system32;C:\WINDOWS;C:\WINDOWS\System32\Wbem;C:\WINDOWS\System32\WindowsPowerShell\v1.0\;C:\WINDOWS\System32\OpenSSH\;C:\Users\rmnlm\AppData\Local\Microsoft\WindowsApps;C:\Program Files\Zulu\zulu-26\\bin
Check launcher:	C:\Program Files\Zulu\zulu-26\bin\javaw.exe (OK)
Version string: 1.026.000_001 / 64-Bit (OK)
Launcher:	C:\Program Files\Zulu\zulu-26\bin\javaw.exe
Launcher args:	-jar "C:\Users\rmnlm\Documents\GitHub\Rubiks-Cube-Solver\RubiksCubeSolver.exe"
Args length:	78/32768 chars
Exit code:	0


Version:	3.50
CmdLine:	C:\Users\rmnlm\Documents\GitHub\Rubiks-Cube-Solver\RubiksCubeSolver.exe --l4j-debug
JNI:		No
WOW64:		Yes
Working dir:	C:\Users\rmnlm\Documents\GitHub\Rubiks-Cube-Solver\.
Requires JDK:	No
Requires 64-Bit: Yes
Java min ver:	
Java max ver:	
Substitute:	JAVA_HOME = C:\Program Files\Zulu\zulu-26\
Substitute:	PATH = C:\Program Files\Zulu\zulu-26\bin\;C:\Program Files\Eclipse Adoptium\jdk-25.0.3.9-hotspot\bin;C:\Program Files (x86)\Razer Chroma SDK\bin;C:\Program Files\Razer Chroma SDK\bin;C:\Program Files (x86)\VMware\VMware Player\bin\;C:\Program Files\Eclipse Adoptium\jdk-11.0.15.10-hotspot\bin;C:\Windows\system32;C:\Windows;C:\Windows\System32\Wbem;C:\Windows\System32\WindowsPowerShell\v1.0\;C:\Windows\System32\OpenSSH\;C:\Program Files (x86)\Windows Live\Shared;C:\Program Files\dotnet\;C:\Program Files\Microsoft SQL Server\150\Tools\Binn\;C:\Program Files\Microsoft SQL Server\Client SDK\ODBC\170\Tools\Binn\;C:\Program Files\nodejs\;C:\Program Files\Git\cmd;C:\Windows\system32\config\systemprofile\AppData\Local\Microsoft\WindowsApps;C:\Program Files (x86)\Razer\ChromaBroadcast\bin;C:\Program Files\Razer\ChromaBroadcast\bin;C:\Users\rmnlm\AppData\Local\Programs\Python\Python312\Scripts\;C:\Users\rmnlm\AppData\Local\Programs\Python\Python312\;C:\Users\rmnlm\AppData\Local\Programs\Python\Launcher\;C:\Users\rmnlm\AppData\Local\Microsoft\WindowsApps;C:\Users\rmnlm\AppData\Local\GitHubDesktop\bin;C:\Users\rmnlm\AppData\Local\Programs\Microsoft VS Code\bin;C:\Users\rmnlm\.dotnet\tools;C:\Users\rmnlm\AppData\Roaming\npm;C:\Program Files\Fiddler;;C:\Program Files\NVIDIA Corporation\NVIDIA App\NvDLISR;C:\Program Files (x86)\NVIDIA Corporation\PhysX\Common;C:\WINDOWS\system32;C:\WINDOWS;C:\WINDOWS\System32\Wbem;C:\WINDOWS\System32\WindowsPowerShell\v1.0\;C:\WINDOWS\System32\OpenSSH\;C:\Users\rmnlm\AppData\Local\Microsoft\WindowsApps;C:\Program Files\Zulu\zulu-26\\bin
JRE paths:	C:\Program Files\Zulu\zulu-26\;C:\Program Files\Zulu\zulu-26\bin\;C:\Program Files\Eclipse Adoptium\jdk-25.0.3.9-hotspot\bin;C:\Program Files (x86)\Razer Chroma SDK\bin;C:\Program Files\Razer Chroma SDK\bin;C:\Program Files (x86)\VMware\VMware Player\bin\;C:\Program Files\Eclipse Adoptium\jdk-11.0.15.10-hotspot\bin;C:\Windows\system32;C:\Windows;C:\Windows\System32\Wbem;C:\Windows\System32\WindowsPowerShell\v1.0\;C:\Windows\System32\OpenSSH\;C:\Program Files (x86)\Windows Live\Shared;C:\Program Files\dotnet\;C:\Program Files\Microsoft SQL Server\150\Tools\Binn\;C:\Program Files\Microsoft SQL Server\Client SDK\ODBC\170\Tools\Binn\;C:\Program Files\nodejs\;C:\Program Files\Git\cmd;C:\Windows\system32\config\systemprofile\AppData\Local\Microsoft\WindowsApps;C:\Program Files (x86)\Razer\ChromaBroadcast\bin;C:\Program Files\Razer\ChromaBroadcast\bin;C:\Users\rmnlm\AppData\Local\Programs\Python\Python312\Scripts\;C:\Users\rmnlm\AppData\Local\Programs\Python\Python312\;C:\Users\rmnlm\AppData\Local\Programs\Python\Launcher\;C:\Users\rmnlm\AppData\Local\Microsoft\WindowsApps;C:\Users\rmnlm\AppData\Local\GitHubDesktop\bin;C:\Users\rmnlm\AppData\Local\Programs\Microsoft VS Code\bin;C:\Users\rmnlm\.dotnet\tools;C:\Users\rmnlm\AppData\Roaming\npm;C:\Program Files\Fiddler;;C:\Program Files\NVIDIA Corporation\NVIDIA App\NvDLISR;C:\Program Files (x86)\NVIDIA Corporation\PhysX\Common;C:\WINDOWS\system32;C:\WINDOWS;C:\WINDOWS\System32\Wbem;C:\WINDOWS\System32\WindowsPowerShell\v1.0\;C:\WINDOWS\System32\OpenSSH\;C:\Users\rmnlm\AppData\Local\Microsoft\WindowsApps;C:\Program Files\Zulu\zulu-26\\bin
Check launcher:	C:\Program Files\Zulu\zulu-26\bin\javaw.exe (OK)
Version string: 1.026.000_001 / 64-Bit (OK)
Launcher:	C:\Program Files\Zulu\zulu-26\bin\javaw.exe
Launcher args:	-jar "C:\Users\rmnlm\Documents\GitHub\Rubiks-Cube-Solver\RubiksCubeSolver.exe"
Args length:	78/32768 chars
Exit code:	0
